Γ£à Database connection successful!
